Traceback (most recent call last):
  File "<string>", line 1, in <module>
    import flask, websockets; print('Flask and Websockets exist!')
    ^^^^^^^^^^^^^^^^^^^^^^^^
ModuleNotFoundError: No module named 'flask'
